348.3729D
780.9384D
389.3681D
427.2876D
0.75D
0.1D
37.329D
53.75D
329.3612D
7.1D
39.8125D
20.375D
114.514D
120.28D
58.625D
