101011100.010111110111011001011111110110001B
1100001100.111100000011101011111011011111101B
110000101.010111100011101111001101001101011B
110101011.010010011010000000100111010100100B
0.11B
0.000110011001100110011001100110011B
100101.010101000011100101011000000100000B
110101.11B
101001001.010111000111011110011010011010110B
111.000110011001100110011001100110011B
100111.1101B
10100.011B
1110010.100000111001010110000001000001100B
1111000.010001111010111000010100011110101B
111010.101B
